// Jest Snapshot v1, https://goo.gl/fbAQLP

exports[`Recipe List renderss 1`] = `
<DocumentFragment>
  <div
    data-css-l6r9g8=""
    data-testid="container"
  >
    <h1>
      Recipes
    </h1>
    <div
      data-css-3nuvy1=""
    >
      <p
        data-css-1sfx3dj=""
        data-testid="recipeName"
      >
        Recipe name: Tuna Roll
      </p>
      <div>
        <p
          data-css-1sfx3dj=""
        >
          Ingredients
        </p>
        <p
          data-css-ar9c07=""
          data-testid="recipeIngredients"
        >
          Tuna
        </p>
      </div>
      <div>
        <p
          data-css-1sfx3dj=""
        >
          Instructions
        </p>
        <p
          data-css-ar9c07=""
          data-testid="recipeInstructions"
        >
          1. Mix Tuna
        </p>
      </div>
    </div>
  </div>
</DocumentFragment>
`;
